18:34:41 **** Incremental Build of configuration Debug for project usart_buzzer ****
make -j2 all 
arm-none-eabi-gcc "../Core/Src/main.c" -mcpu=cortex-m4 -std=gnu11 -g3 -DDEBUG -DUSE_HAL_DRIVER -DSTM32F407xx -c -I../Core/Inc -I../Drivers/STM32F4xx_HAL_Driver/Inc -I../Drivers/STM32F4xx_HAL_Driver/Inc/Legacy -I../Drivers/CMSIS/Device/ST/STM32F4xx/Include -I../Drivers/CMSIS/Include -O0 -ffunction-sections -fdata-sections -Wall -fstack-usage -fcyclomatic-complexity -MMD -MP -MF"Core/Src/main.d" -MT"Core/Src/main.o" --specs=nano.specs -mfpu=fpv4-sp-d16 -mfloat-abi=hard -mthumb -o "Core/Src/main.o"
arm-none-eabi-gcc -o "usart_buzzer.elf" @"objects.list"   -mcpu=cortex-m4 -T"D:\arm_cortex\day10\usart_buzzer\STM32F407VGTX_FLASH.ld" --specs=nosys.specs -Wl,-Map="usart_buzzer.map" -Wl,--gc-sections -static --specs=nano.specs -mfpu=fpv4-sp-d16 -mfloat-abi=hard -mthumb -Wl,--start-group -lc -lm -Wl,--end-group
Finished building target: usart_buzzer.elf
 
arm-none-eabi-size  usart_buzzer.elf 
arm-none-eabi-objdump -h -S usart_buzzer.elf  > "usart_buzzer.list"
   text	   data	    bss	    dec	    hex	filename
   9012	     12	   1748	  10772	   2a14	usart_buzzer.elf
Finished building: default.size.stdout
 
Finished building: usart_buzzer.list
 
18:34:52 **** Incremental Build of configuration Debug for project usart_buzzer ****
make -j2 all 
arm-none-eabi-size  usart_buzzer.elf 
   text	   data	    bss	    dec	    hex	filename
   9012	     12	   1748	  10772	   2a14	usart_buzzer.elf
Finished building: default.size.stdout
 
18:38:19 **** Incremental Build of configuration Debug for project usart_buzzer ****
make -j2 all 
arm-none-eabi-gcc "../Core/Src/main.c" -mcpu=cortex-m4 -std=gnu11 -g3 -DDEBUG -DUSE_HAL_DRIVER -DSTM32F407xx -c -I../Core/Inc -I../Drivers/STM32F4xx_HAL_Driver/Inc -I../Drivers/STM32F4xx_HAL_Driver/Inc/Legacy -I../Drivers/CMSIS/Device/ST/STM32F4xx/Include -I../Drivers/CMSIS/Include -O0 -ffunction-sections -fdata-sections -Wall -fstack-usage -fcyclomatic-complexity -MMD -MP -MF"Core/Src/main.d" -MT"Core/Src/main.o" --specs=nano.specs -mfpu=fpv4-sp-d16 -mfloat-abi=hard -mthumb -o "Core/Src/main.o"
arm-none-eabi-gcc -o "usart_buzzer.elf" @"objects.list"   -mcpu=cortex-m4 -T"D:\arm_cortex\day10\usart_buzzer\STM32F407VGTX_FLASH.ld" --specs=nosys.specs -Wl,-Map="usart_buzzer.map" -Wl,--gc-sections -static --specs=nano.specs -mfpu=fpv4-sp-d16 -mfloat-abi=hard -mthumb -Wl,--start-group -lc -lm -Wl,--end-group
Finished building target: usart_buzzer.elf
 
arm-none-eabi-size  usart_buzzer.elf 
arm-none-eabi-objdump -h -S usart_buzzer.elf  > "usart_buzzer.list"
   text	   data	    bss	    dec	    hex	filename
   9076	     12	   1748	  10836	   2a54	usart_buzzer.elf
Finished building: default.size.stdout
 
Finished building: usart_buzzer.list
 
