19:45:00 **** Incremental Build of configuration Debug for project buzzer_lcd ****
make -j2 all 
arm-none-eabi-size  buzzer_lcd.elf 
   text	   data	    bss	    dec	    hex	filename
  14976	     92	   2068	  17136	   42f0	buzzer_lcd.elf
Finished building: default.size.stdout
 
19:45:19 **** Incremental Build of configuration Debug for project buzzer_lcd ****
make -j2 all 
arm-none-eabi-size  buzzer_lcd.elf 
   text	   data	    bss	    dec	    hex	filename
  14976	     92	   2068	  17136	   42f0	buzzer_lcd.elf
Finished building: default.size.stdout
 
