12:02:44 **** Incremental Build of configuration Debug for project all_led ****
make -j2 all 
arm-none-eabi-gcc "../Core/Src/main.c" -mcpu=cortex-m4 -std=gnu11 -g3 -DDEBUG -DUSE_HAL_DRIVER -DSTM32F407xx -c -I../Core/Inc -I../Drivers/STM32F4xx_HAL_Driver/Inc -I../Drivers/STM32F4xx_HAL_Driver/Inc/Legacy -I../Drivers/CMSIS/Device/ST/STM32F4xx/Include -I../Drivers/CMSIS/Include -O0 -ffunction-sections -fdata-sections -Wall -fstack-usage -fcyclomatic-complexity -MMD -MP -MF"Core/Src/main.d" -MT"Core/Src/main.o" --specs=nano.specs -mfpu=fpv4-sp-d16 -mfloat-abi=hard -mthumb -o "Core/Src/main.o"
arm-none-eabi-gcc -o "all_led.elf" @"objects.list"   -mcpu=cortex-m4 -T"D:\arm_cortex\day5\all_led\STM32F407VGTX_FLASH.ld" --specs=nosys.specs -Wl,-Map="all_led.map" -Wl,--gc-sections -static --specs=nano.specs -mfpu=fpv4-sp-d16 -mfloat-abi=hard -mthumb -Wl,--start-group -lc -lm -Wl,--end-group
Finished building target: all_led.elf
 
arm-none-eabi-size  all_led.elf 
arm-none-eabi-objdump -h -S all_led.elf  > "all_led.list"
   text	   data	    bss	    dec	    hex	filename
   6044	     12	   1572	   7628	   1dcc	all_led.elf
Finished building: default.size.stdout
 
Finished building: all_led.list
 
12:02:54 **** Incremental Build of configuration Debug for project all_led ****
make -j2 all 
arm-none-eabi-size  all_led.elf 
   text	   data	    bss	    dec	    hex	filename
   6044	     12	   1572	   7628	   1dcc	all_led.elf
Finished building: default.size.stdout
 
