11:31:09 **** Incremental Build of configuration Debug for project stateBased.c ****
make -j2 all 
arm-none-eabi-gcc "../Src/state_led.c" -mcpu=cortex-m4 -std=gnu11 -g3 -DDEBUG -DSTM32 -DSTM32F407G_DISC1 -DSTM32F4 -DSTM32F407VGTx -c -I../Inc -O0 -ffunction-sections -fdata-sections -Wall -fstack-usage -fcyclomatic-complexity -MMD -MP -MF"Src/state_led.d" -MT"Src/state_led.o" --specs=nano.specs -mfpu=fpv4-sp-d16 -mfloat-abi=soft -mthumb -o "Src/state_led.o"
arm-none-eabi-gcc -o "stateBased.c.elf" @"objects.list"   -mcpu=cortex-m4 -T"D:\arm_cortex\day2\stateBased.c\STM32F407VGTX_FLASH.ld" --specs=nosys.specs -Wl,-Map="stateBased.c.map" -Wl,--gc-sections -static --specs=nano.specs -mfpu=fpv4-sp-d16 -mfloat-abi=soft -mthumb -Wl,--start-group -lc -lm -Wl,--end-group
Finished building target: stateBased.c.elf
 
arm-none-eabi-size  stateBased.c.elf 
arm-none-eabi-objdump -h -S stateBased.c.elf  > "stateBased.c.list"
   text	   data	    bss	    dec	    hex	filename
   1212	      4	   1564	   2780	    adc	stateBased.c.elf
Finished building: default.size.stdout
 
Finished building: stateBased.c.list
 
11:31:35 **** Incremental Build of configuration Debug for project stateBased.c ****
make -j2 all 
arm-none-eabi-size  stateBased.c.elf 
   text	   data	    bss	    dec	    hex	filename
   1212	      4	   1564	   2780	    adc	stateBased.c.elf
Finished building: default.size.stdout
 
