06:24:05 **** Incremental Build of configuration Debug for project switch_led.c ****
make -j2 all 
arm-none-eabi-gcc "../Src/my_switch.c" -mcpu=cortex-m4 -std=gnu11 -g3 -DDEBUG -DSTM32 -DSTM32F407G_DISC1 -DSTM32F4 -DSTM32F407VGTx -c -I../Inc -O0 -ffunction-sections -fdata-sections -Wall -fstack-usage -fcyclomatic-complexity -MMD -MP -MF"Src/my_switch.d" -MT"Src/my_switch.o" --specs=nano.specs -mfpu=fpv4-sp-d16 -mfloat-abi=soft -mthumb -o "Src/my_switch.o"
arm-none-eabi-gcc -o "switch_led.c.elf" @"objects.list"   -mcpu=cortex-m4 -T"D:\arm_cortex\day2\switch_led.c\STM32F407VGTX_FLASH.ld" --specs=nosys.specs -Wl,-Map="switch_led.c.map" -Wl,--gc-sections -static --specs=nano.specs -mfpu=fpv4-sp-d16 -mfloat-abi=soft -mthumb -Wl,--start-group -lc -lm -Wl,--end-group
Finished building target: switch_led.c.elf
 
arm-none-eabi-size  switch_led.c.elf 
arm-none-eabi-objdump -h -S switch_led.c.elf  > "switch_led.c.list"
   text	   data	    bss	    dec	    hex	filename
   1156	      4	   1564	   2724	    aa4	switch_led.c.elf
Finished building: default.size.stdout
 
Finished building: switch_led.c.list
 

06:24:09 Build Finished. 0 errors, 0 warnings. (took 4s.596ms)

